[     590ms] [LOG] Error @ https://www.uniqlo.com/se/elgnisolqinu.js?async&seed=AACCa72eAQAANYKbyAipoou2c7N1nfXAzHIk1CsHwCpcLxe9kKXI9ySQqAbT&x-i1ysm4mm--z=q:0
[    1520ms] [LOG] Error @ https://www.uniqlo.com/se/elgnisolqinu.js?async&seed=AACCa72eAQAANYKbyAipoou2c7N1nfXAzHIk1CsHwCpcLxe9kKXI9ySQqAbT&x-i1ysm4mm--z=q:0
[    1545ms] [WARNING] react-i18next:: You will need to pass in an i18next instance by using initReactI18next @ https://www.uniqlo.com/se/en/navigation/react-00cf30119fa389e87994.js:1
[    1602ms] Error: Minified React error #418; visit https://reactjs.org/docs/error-decoder.html?invariant=418 for the full message or use the non-minified dev environment for full errors and additional helpful warnings.
    at so (https://www.uniqlo.com/se/en/navigation/react-00cf30119fa389e87994.js:2:55887)
    at Eu (https://www.uniqlo.com/se/en/navigation/react-00cf30119fa389e87994.js:2:128691)
    at ws (https://www.uniqlo.com/se/en/navigation/react-00cf30119fa389e87994.js:2:116261)
    at ys (https://www.uniqlo.com/se/en/navigation/react-00cf30119fa389e87994.js:2:116189)
    at vs (https://www.uniqlo.com/se/en/navigation/react-00cf30119fa389e87994.js:2:116052)
    at os (https://www.uniqlo.com/se/en/navigation/react-00cf30119fa389e87994.js:2:111215)
    at T (https://www.uniqlo.com/se/en/navigation/vendors-5b38081b487b6e200b96.js:2:257608)
    at MessagePort.I (https://www.uniqlo.com/se/en/navigation/vendors-5b38081b487b6e200b96.js:2:258140)
    at Object.g [as apply] (https://www.uniqlo.com/assets/ba0846357725ec6c51060792f9b14b6ed0011a38987:25:458)
    at MessagePort.<anonymous> (https://www.uniqlo.com/assets/ba0846357725ec6c51060792f9b14b6ed0011a38987:26:178)
[    1602ms] Error: Minified React error #418; visit https://reactjs.org/docs/error-decoder.html?invariant=418 for the full message or use the non-minified dev environment for full errors and additional helpful warnings.
    at so (https://www.uniqlo.com/se/en/navigation/react-00cf30119fa389e87994.js:2:55887)
    at Eu (https://www.uniqlo.com/se/en/navigation/react-00cf30119fa389e87994.js:2:128691)
    at ws (https://www.uniqlo.com/se/en/navigation/react-00cf30119fa389e87994.js:2:116261)
    at ys (https://www.uniqlo.com/se/en/navigation/react-00cf30119fa389e87994.js:2:116189)
    at vs (https://www.uniqlo.com/se/en/navigation/react-00cf30119fa389e87994.js:2:116052)
    at os (https://www.uniqlo.com/se/en/navigation/react-00cf30119fa389e87994.js:2:111215)
    at T (https://www.uniqlo.com/se/en/navigation/vendors-5b38081b487b6e200b96.js:2:257608)
    at MessagePort.I (https://www.uniqlo.com/se/en/navigation/vendors-5b38081b487b6e200b96.js:2:258140)
    at Object.g [as apply] (https://www.uniqlo.com/assets/ba0846357725ec6c51060792f9b14b6ed0011a38987:25:458)
    at MessagePort.<anonymous> (https://www.uniqlo.com/assets/ba0846357725ec6c51060792f9b14b6ed0011a38987:26:178)
[    1602ms] Error: Minified React error #423; visit https://reactjs.org/docs/error-decoder.html?invariant=423 for the full message or use the non-minified dev environment for full errors and additional helpful warnings.
    at Eu (https://www.uniqlo.com/se/en/navigation/react-00cf30119fa389e87994.js:2:128377)
    at ws (https://www.uniqlo.com/se/en/navigation/react-00cf30119fa389e87994.js:2:116261)
    at ys (https://www.uniqlo.com/se/en/navigation/react-00cf30119fa389e87994.js:2:116189)
    at vs (https://www.uniqlo.com/se/en/navigation/react-00cf30119fa389e87994.js:2:116052)
    at is (https://www.uniqlo.com/se/en/navigation/react-00cf30119fa389e87994.js:2:112887)
    at os (https://www.uniqlo.com/se/en/navigation/react-00cf30119fa389e87994.js:2:111442)
    at T (https://www.uniqlo.com/se/en/navigation/vendors-5b38081b487b6e200b96.js:2:257608)
    at MessagePort.I (https://www.uniqlo.com/se/en/navigation/vendors-5b38081b487b6e200b96.js:2:258140)
    at Object.g [as apply] (https://www.uniqlo.com/assets/ba0846357725ec6c51060792f9b14b6ed0011a38987:25:458)
    at MessagePort.<anonymous> (https://www.uniqlo.com/assets/ba0846357725ec6c51060792f9b14b6ed0011a38987:26:178)
[    1700ms] [WARNING] Canvas2D: Multiple readback operations using getImageData are faster with the willReadFrequently attribute set to true. See: https://html.spec.whatwg.org/multipage/canvas.html#concept-canvas-will-read-frequently @ https://www.uniqlo.com/se/elgnisolqinu.js?async&seed=AACCa72eAQAANYKbyAipoou2c7N1nfXAzHIk1CsHwCpcLxe9kKXI9ySQqAbT&x-i1ysm4mm--z=q:0
[    2090ms] [WARNING] Canvas2D: Multiple readback operations using getImageData are faster with the willReadFrequently attribute set to true. See: https://html.spec.whatwg.org/multipage/canvas.html#concept-canvas-will-read-frequently @ https://www.uniqlo.com/se/elgnisolqinu.js?async&seed=AACCa72eAQAANYKbyAipoou2c7N1nfXAzHIk1CsHwCpcLxe9kKXI9ySQqAbT&x-i1ysm4mm--z=q:0
[    2282ms] [WARNING] Canvas2D: Multiple readback operations using getImageData are faster with the willReadFrequently attribute set to true. See: https://html.spec.whatwg.org/multipage/canvas.html#concept-canvas-will-read-frequently @ https://www.uniqlo.com/se/elgnisolqinu.js?async&seed=AACCa72eAQAANYKbyAipoou2c7N1nfXAzHIk1CsHwCpcLxe9kKXI9ySQqAbT&x-i1ysm4mm--z=q:0
[    2387ms] [WARNING] [.WebGL-0x3a0c0015a800]GL Driver Message (OpenGL, Performance, GL_CLOSE_PATH_NV, High): GPU stall due to ReadPixels @ https://www.uniqlo.com/se/en/:0
