[     125ms] [WARNING] The `useDefaultLang` and `defaultLanguage` options are deprecated. Please use `fallbackLang` instead. @ http://localhost:4200/@fs/app/.angular/cache/22.0.0/frontend/vite/deps/chunk-6YYXMWPP.js?v=fc630754:1172
[     126ms] [WARNING] The `useDefaultLang` and `defaultLanguage` options are deprecated. Please use `fallbackLang` instead. @ http://localhost:4200/@fs/app/.angular/cache/22.0.0/frontend/vite/deps/chunk-6YYXMWPP.js?v=fc630754:1172
[     148ms] [LOG] Angular is running in development mode. @ http://localhost:4200/@fs/app/.angular/cache/22.0.0/frontend/vite/deps/chunk-5I57JTBW.js?v=fc630754:14866
[  351683ms] [WARNING] The `useDefaultLang` and `defaultLanguage` options are deprecated. Please use `fallbackLang` instead. @ http://localhost:4200/@fs/app/.angular/cache/22.0.0/frontend/vite/deps/chunk-6YYXMWPP.js?v=fc630754:1172
[  351683ms] [WARNING] The `useDefaultLang` and `defaultLanguage` options are deprecated. Please use `fallbackLang` instead. @ http://localhost:4200/@fs/app/.angular/cache/22.0.0/frontend/vite/deps/chunk-6YYXMWPP.js?v=fc630754:1172
[  351706ms] [LOG] Angular is running in development mode. @ http://localhost:4200/@fs/app/.angular/cache/22.0.0/frontend/vite/deps/chunk-5I57JTBW.js?v=fc630754:14866
[  366377ms] [WARNING] The `useDefaultLang` and `defaultLanguage` options are deprecated. Please use `fallbackLang` instead. @ http://localhost:4200/@fs/app/.angular/cache/22.0.0/frontend/vite/deps/chunk-6YYXMWPP.js?v=fc630754:1172
[  366377ms] [WARNING] The `useDefaultLang` and `defaultLanguage` options are deprecated. Please use `fallbackLang` instead. @ http://localhost:4200/@fs/app/.angular/cache/22.0.0/frontend/vite/deps/chunk-6YYXMWPP.js?v=fc630754:1172
[  366407ms] [LOG] Angular is running in development mode. @ http://localhost:4200/@fs/app/.angular/cache/22.0.0/frontend/vite/deps/chunk-5I57JTBW.js?v=fc630754:14866
[  577422ms] [WARNING] The `useDefaultLang` and `defaultLanguage` options are deprecated. Please use `fallbackLang` instead. @ http://localhost:4200/@fs/app/.angular/cache/22.0.0/frontend/vite/deps/chunk-6YYXMWPP.js?v=fc630754:1172
[  577422ms] [WARNING] The `useDefaultLang` and `defaultLanguage` options are deprecated. Please use `fallbackLang` instead. @ http://localhost:4200/@fs/app/.angular/cache/22.0.0/frontend/vite/deps/chunk-6YYXMWPP.js?v=fc630754:1172
[  577444ms] [LOG] Angular is running in development mode. @ http://localhost:4200/@fs/app/.angular/cache/22.0.0/frontend/vite/deps/chunk-5I57JTBW.js?v=fc630754:14866
[  591088ms] [WARNING] The `useDefaultLang` and `defaultLanguage` options are deprecated. Please use `fallbackLang` instead. @ http://localhost:4200/@fs/app/.angular/cache/22.0.0/frontend/vite/deps/chunk-6YYXMWPP.js?v=fc630754:1172
[  591088ms] [WARNING] The `useDefaultLang` and `defaultLanguage` options are deprecated. Please use `fallbackLang` instead. @ http://localhost:4200/@fs/app/.angular/cache/22.0.0/frontend/vite/deps/chunk-6YYXMWPP.js?v=fc630754:1172
[  591123ms] [LOG] Angular is running in development mode. @ http://localhost:4200/@fs/app/.angular/cache/22.0.0/frontend/vite/deps/chunk-5I57JTBW.js?v=fc630754:14866
[  604296ms] [WARNING] The `useDefaultLang` and `defaultLanguage` options are deprecated. Please use `fallbackLang` instead. @ http://localhost:4200/@fs/app/.angular/cache/22.0.0/frontend/vite/deps/chunk-6YYXMWPP.js?v=fc630754:1172
[  604297ms] [WARNING] The `useDefaultLang` and `defaultLanguage` options are deprecated. Please use `fallbackLang` instead. @ http://localhost:4200/@fs/app/.angular/cache/22.0.0/frontend/vite/deps/chunk-6YYXMWPP.js?v=fc630754:1172
[  604341ms] [LOG] Angular is running in development mode. @ http://localhost:4200/@fs/app/.angular/cache/22.0.0/frontend/vite/deps/chunk-5I57JTBW.js?v=fc630754:14866
[  655545ms] [WARNING] The `useDefaultLang` and `defaultLanguage` options are deprecated. Please use `fallbackLang` instead. @ http://localhost:4200/@fs/app/.angular/cache/22.0.0/frontend/vite/deps/chunk-6YYXMWPP.js?v=fc630754:1172
[  655545ms] [WARNING] The `useDefaultLang` and `defaultLanguage` options are deprecated. Please use `fallbackLang` instead. @ http://localhost:4200/@fs/app/.angular/cache/22.0.0/frontend/vite/deps/chunk-6YYXMWPP.js?v=fc630754:1172
[  655580ms] [LOG] Angular is running in development mode. @ http://localhost:4200/@fs/app/.angular/cache/22.0.0/frontend/vite/deps/chunk-5I57JTBW.js?v=fc630754:14866
[  703909ms] [WARNING] The `useDefaultLang` and `defaultLanguage` options are deprecated. Please use `fallbackLang` instead. @ http://localhost:4200/@fs/app/.angular/cache/22.0.0/frontend/vite/deps/chunk-6YYXMWPP.js?v=fc630754:1172
[  703909ms] [WARNING] The `useDefaultLang` and `defaultLanguage` options are deprecated. Please use `fallbackLang` instead. @ http://localhost:4200/@fs/app/.angular/cache/22.0.0/frontend/vite/deps/chunk-6YYXMWPP.js?v=fc630754:1172
[  703939ms] [LOG] Angular is running in development mode. @ http://localhost:4200/@fs/app/.angular/cache/22.0.0/frontend/vite/deps/chunk-5I57JTBW.js?v=fc630754:14866
[  734793ms] [WARNING] The `useDefaultLang` and `defaultLanguage` options are deprecated. Please use `fallbackLang` instead. @ http://localhost:4200/@fs/app/.angular/cache/22.0.0/frontend/vite/deps/chunk-6YYXMWPP.js?v=fc630754:1172
[  734793ms] [WARNING] The `useDefaultLang` and `defaultLanguage` options are deprecated. Please use `fallbackLang` instead. @ http://localhost:4200/@fs/app/.angular/cache/22.0.0/frontend/vite/deps/chunk-6YYXMWPP.js?v=fc630754:1172
[  734824ms] [LOG] Angular is running in development mode. @ http://localhost:4200/@fs/app/.angular/cache/22.0.0/frontend/vite/deps/chunk-5I57JTBW.js?v=fc630754:14866
[  739059ms] [WARNING] The `useDefaultLang` and `defaultLanguage` options are deprecated. Please use `fallbackLang` instead. @ http://localhost:4200/@fs/app/.angular/cache/22.0.0/frontend/vite/deps/chunk-6YYXMWPP.js?v=fc630754:1172
[  739060ms] [WARNING] The `useDefaultLang` and `defaultLanguage` options are deprecated. Please use `fallbackLang` instead. @ http://localhost:4200/@fs/app/.angular/cache/22.0.0/frontend/vite/deps/chunk-6YYXMWPP.js?v=fc630754:1172
[  739098ms] [LOG] Angular is running in development mode. @ http://localhost:4200/@fs/app/.angular/cache/22.0.0/frontend/vite/deps/chunk-5I57JTBW.js?v=fc630754:14866
[ 1475291ms] [WARNING] The `useDefaultLang` and `defaultLanguage` options are deprecated. Please use `fallbackLang` instead. @ http://localhost:4200/@fs/app/.angular/cache/22.0.0/frontend/vite/deps/chunk-6YYXMWPP.js?v=fc630754:1172
[ 1475292ms] [WARNING] The `useDefaultLang` and `defaultLanguage` options are deprecated. Please use `fallbackLang` instead. @ http://localhost:4200/@fs/app/.angular/cache/22.0.0/frontend/vite/deps/chunk-6YYXMWPP.js?v=fc630754:1172
[ 1475336ms] [LOG] Angular is running in development mode. @ http://localhost:4200/@fs/app/.angular/cache/22.0.0/frontend/vite/deps/chunk-5I57JTBW.js?v=fc630754:14866
[ 1797531ms] [LOG] [vite] server connection lost. Polling for restart... @ http://localhost:4200/@vite/client:864
[ 1805140ms] [WARNING] The `useDefaultLang` and `defaultLanguage` options are deprecated. Please use `fallbackLang` instead. @ http://localhost:4200/@fs/app/.angular/cache/22.0.0/frontend/vite/deps/chunk-6YYXMWPP.js?v=4ae0686e:1172
[ 1805141ms] [WARNING] The `useDefaultLang` and `defaultLanguage` options are deprecated. Please use `fallbackLang` instead. @ http://localhost:4200/@fs/app/.angular/cache/22.0.0/frontend/vite/deps/chunk-6YYXMWPP.js?v=4ae0686e:1172
[ 1805194ms] [LOG] Angular is running in development mode. @ http://localhost:4200/@fs/app/.angular/cache/22.0.0/frontend/vite/deps/chunk-5I57JTBW.js?v=4ae0686e:14866
