[     677ms] [LOG] Error @ https://www.uniqlo.com/se/elgnisolqinu.js?async&seed=AACCa72eAQAANYKbyAipoou2c7N1nfXAzHIk1CsHwCpcLxe9kKXI9ySQqAbT&x-i1ysm4mm--z=q:0
[    1171ms] Error: Minified React error #418; visit https://reactjs.org/docs/error-decoder.html?invariant=418 for the full message or use the non-minified dev environment for full errors and additional helpful warnings.
    at so (https://www.uniqlo.com/se/en/navigation/react-00cf30119fa389e87994.js:2:55887)
    at Eu (https://www.uniqlo.com/se/en/navigation/react-00cf30119fa389e87994.js:2:128691)
    at ws (https://www.uniqlo.com/se/en/navigation/react-00cf30119fa389e87994.js:2:116261)
    at ys (https://www.uniqlo.com/se/en/navigation/react-00cf30119fa389e87994.js:2:116189)
    at vs (https://www.uniqlo.com/se/en/navigation/react-00cf30119fa389e87994.js:2:116052)
    at os (https://www.uniqlo.com/se/en/navigation/react-00cf30119fa389e87994.js:2:111215)
    at T (https://www.uniqlo.com/se/en/navigation/vendors-5b38081b487b6e200b96.js:2:257608)
    at MessagePort.I (https://www.uniqlo.com/se/en/navigation/vendors-5b38081b487b6e200b96.js:2:258140)
    at Object.g [as apply] (https://www.uniqlo.com/assets/ba0846357725ec6c51060792f9b14b6ed0011a38987:25:458)
    at MessagePort.<anonymous> (https://www.uniqlo.com/assets/ba0846357725ec6c51060792f9b14b6ed0011a38987:26:178)
[    1171ms] Error: Minified React error #418; visit https://reactjs.org/docs/error-decoder.html?invariant=418 for the full message or use the non-minified dev environment for full errors and additional helpful warnings.
    at so (https://www.uniqlo.com/se/en/navigation/react-00cf30119fa389e87994.js:2:55887)
    at Eu (https://www.uniqlo.com/se/en/navigation/react-00cf30119fa389e87994.js:2:128691)
    at ws (https://www.uniqlo.com/se/en/navigation/react-00cf30119fa389e87994.js:2:116261)
    at ys (https://www.uniqlo.com/se/en/navigation/react-00cf30119fa389e87994.js:2:116189)
    at vs (https://www.uniqlo.com/se/en/navigation/react-00cf30119fa389e87994.js:2:116052)
    at os (https://www.uniqlo.com/se/en/navigation/react-00cf30119fa389e87994.js:2:111215)
    at T (https://www.uniqlo.com/se/en/navigation/vendors-5b38081b487b6e200b96.js:2:257608)
    at MessagePort.I (https://www.uniqlo.com/se/en/navigation/vendors-5b38081b487b6e200b96.js:2:258140)
    at Object.g [as apply] (https://www.uniqlo.com/assets/ba0846357725ec6c51060792f9b14b6ed0011a38987:25:458)
    at MessagePort.<anonymous> (https://www.uniqlo.com/assets/ba0846357725ec6c51060792f9b14b6ed0011a38987:26:178)
[    1171ms] Error: Minified React error #423; visit https://reactjs.org/docs/error-decoder.html?invariant=423 for the full message or use the non-minified dev environment for full errors and additional helpful warnings.
    at Eu (https://www.uniqlo.com/se/en/navigation/react-00cf30119fa389e87994.js:2:128377)
    at ws (https://www.uniqlo.com/se/en/navigation/react-00cf30119fa389e87994.js:2:116261)
    at ys (https://www.uniqlo.com/se/en/navigation/react-00cf30119fa389e87994.js:2:116189)
    at vs (https://www.uniqlo.com/se/en/navigation/react-00cf30119fa389e87994.js:2:116052)
    at is (https://www.uniqlo.com/se/en/navigation/react-00cf30119fa389e87994.js:2:112887)
    at os (https://www.uniqlo.com/se/en/navigation/react-00cf30119fa389e87994.js:2:111442)
    at T (https://www.uniqlo.com/se/en/navigation/vendors-5b38081b487b6e200b96.js:2:257608)
    at MessagePort.I (https://www.uniqlo.com/se/en/navigation/vendors-5b38081b487b6e200b96.js:2:258140)
    at Object.g [as apply] (https://www.uniqlo.com/assets/ba0846357725ec6c51060792f9b14b6ed0011a38987:25:458)
    at MessagePort.<anonymous> (https://www.uniqlo.com/assets/ba0846357725ec6c51060792f9b14b6ed0011a38987:26:178)
[    1336ms] [LOG] Error @ https://www.uniqlo.com/se/elgnisolqinu.js?async&seed=AACCa72eAQAANYKbyAipoou2c7N1nfXAzHIk1CsHwCpcLxe9kKXI9ySQqAbT&x-i1ysm4mm--z=q:0
[    1462ms] [WARNING] Canvas2D: Multiple readback operations using getImageData are faster with the willReadFrequently attribute set to true. See: https://html.spec.whatwg.org/multipage/canvas.html#concept-canvas-will-read-frequently @ https://www.uniqlo.com/se/elgnisolqinu.js?async&seed=AACCa72eAQAANYKbyAipoou2c7N1nfXAzHIk1CsHwCpcLxe9kKXI9ySQqAbT&x-i1ysm4mm--z=q:0
[    1970ms] [WARNING] Canvas2D: Multiple readback operations using getImageData are faster with the willReadFrequently attribute set to true. See: https://html.spec.whatwg.org/multipage/canvas.html#concept-canvas-will-read-frequently @ https://www.uniqlo.com/se/elgnisolqinu.js?async&seed=AACCa72eAQAANYKbyAipoou2c7N1nfXAzHIk1CsHwCpcLxe9kKXI9ySQqAbT&x-i1ysm4mm--z=q:0
[    2729ms] [WARNING] Canvas2D: Multiple readback operations using getImageData are faster with the willReadFrequently attribute set to true. See: https://html.spec.whatwg.org/multipage/canvas.html#concept-canvas-will-read-frequently @ https://www.uniqlo.com/se/elgnisolqinu.js?async&seed=AACCa72eAQAANYKbyAipoou2c7N1nfXAzHIk1CsHwCpcLxe9kKXI9ySQqAbT&x-i1ysm4mm--z=q:0
[    3257ms] [WARNING] [.WebGL-0x3a0c0bdf6e00]GL Driver Message (OpenGL, Performance, GL_CLOSE_PATH_NV, High): GPU stall due to ReadPixels @ https://www.uniqlo.com/se/en/products/E465760-000/00?colorDisplayCode=41&sizeDisplayCode=003:0
[    3888ms] [WARNING] [zustand devtools middleware] Please install/enable Redux devtools extension @ https://uqwidget.body2fit.bodygram.com/_next/static/chunks/pages/_app-fa834406c4d879c0.js:0
[    3955ms] Uncaught TypeError: t.onReady is not a function
    at <anonymous> (https://uqwidget.body2fit.bodygram.com/v0/widget.js:1:48772)
    at g (https://www.uniqlo.com/assets/ba0846357725ec6c51060792f9b14b6ed0011a38987:24:457)
